Build Summary: 3/3 steps succeeded
install success
+- install pi success
   +- compile exe pi Debug native success 5s MaxRSS:341M

	Command being timed: "/mnt/data/zig-0.16.0-182/zig build -Duse-llvm=false --summary all"
	User time (seconds): 10.01
	System time (seconds): 3.18
	Percent of CPU this job got: 215%
	Elapsed (wall clock) time (h:mm:ss or m:ss): 0:06.13
	Average shared text size (kbytes): 0
	Average unshared data size (kbytes): 0
	Average stack size (kbytes): 0
	Average total size (kbytes): 0
	Maximum resident set size (kbytes): 333464
	Average resident set size (kbytes): 0
	Major (requiring I/O) page faults: 29
	Minor (reclaiming a frame) page faults: 110019
	Voluntary context switches: 10319
	Involuntary context switches: 2174
	Swaps: 0
	File system inputs: 28256
	File system outputs: 393056
	Socket messages sent: 0
	Socket messages received: 0
	Signals delivered: 0
	Page size (bytes): 4096
	Exit status: 0
